
==========================================
[2026-04-12 22:13:19] NEW PROBLEM ROUTED
==========================================
Tracking ID  : 372FC2DD
Category     : Other
Confidence   : 0%
Department   : General Administration
Assigned To  : Ms. Kavita Singh (admin@campus.edu)
Description  : hello, my bathroom is leaking
==========================================

==========================================
[2026-04-12 22:15:00] NEW PROBLEM ROUTED
==========================================
Tracking ID  : 7B82ABBE
Category     : Bathroom & Hygiene
Confidence   : 100%
Department   : Maintenance Department
Assigned To  : Mr. Rajesh Kumar (maintenance@campus.edu)
Description  : hey, my bathroom flush is not working
==========================================

==========================================
[2026-04-12 22:46:10] NEW PROBLEM ROUTED
==========================================
Tracking ID  : FEA441A7
Category     : Other
Confidence   : 90%
Department   : General Administration
Assigned To  : Ms. Kavita Singh (admin@campus.edu)
Description  : admin needed
==========================================

==========================================
[2026-04-12 22:48:55] NEW PROBLEM ROUTED
==========================================
Tracking ID  : A18C96DF
Category     : Anti-Ragging & Safety
Confidence   : 85%
Department   : Dean of Students Office
Assigned To  : Dr. Sunita Sharma (dean.students@campus.edu)
Description  : while i was shitting, i saw a catterpillar, and now im really angry, i wanna bully kids, call the anti ragging community
==========================================

==========================================
[2026-04-12 23:01:37] NEW PROBLEM ROUTED
==========================================
Tracking ID  : 3F6249DC
Category     : Infrastructure/Maintenance
Confidence   : 95%
Department   : Maintenance Department
Assigned To  : Mr. Rajesh Kumar (maintenance@campus.edu)
Description  : mera nal tut gya
==========================================
